[22:26:50] [ServerMain/INFO]: Building unoptimized datafixer
[22:26:51] [ServerMain/WARN]: You specified a resource pack without providing a sha1 hash. Pack will be updated on the client only if you change the name of the pack.
[22:26:51] [ServerMain/INFO]: Environment: authHost='https://authserver.mojang.com', accountsHost='https://api.mojang.com', sessionHost='https://sessionserver.mojang.com', servicesHost='https://api.minecraftservices.com', name='PROD'
[22:26:53] [ServerMain/INFO]: Loaded 7 recipes
[22:26:54] [Server thread/INFO]: Starting minecraft server version 1.19.2
[22:26:54] [Server thread/INFO]: Loading properties
[22:26:54] [Server thread/INFO]: This server is running Paper version git-Paper-307 (MC: 1.19.2) (Implementing API version 1.19.2-R0.1-SNAPSHOT) (Git: 476ef25)
[22:26:55] [Server thread/INFO]: Server Ping Player Sample Count: 12
[22:26:55] [Server thread/INFO]: Using 4 threads for Netty based IO
[22:26:55] [Server thread/INFO]: [ChunkTaskScheduler] Chunk system is using 1 I/O threads, 1 worker threads, and gen parallelism of 1 threads
[22:26:55] [Server thread/INFO]: Default game type: ADVENTURE
[22:26:55] [Server thread/INFO]: Generating keypair
[22:26:55] [Server thread/INFO]: Starting Minecraft server on *:25565
[22:26:55] [Server thread/INFO]: Using epoll channel type
[22:26:55] [Server thread/INFO]: Paper: Using libdeflate (Linux x86_64) compression from Velocity.
[22:26:55] [Server thread/INFO]: Paper: Using OpenSSL 3.0.x (Linux x86_64) cipher from Velocity.
[22:26:56] [Server thread/INFO]: [SCore] Loading 1 libraries... please wait
[22:26:56] [Server thread/INFO]: [SCore] Loaded library /workspaces/MMSXP/servidor_minecraft/libraries/io/netty/netty-all/4.1.118.Final/netty-all-4.1.118.Final.jar
[22:26:56] [Server thread/INFO]: [SCore] Loaded library /workspaces/MMSXP/servidor_minecraft/libraries/io/netty/netty-buffer/4.1.118.Final/netty-buffer-4.1.118.Final.jar
[22:26:56] [Server thread/INFO]: [SCore] Loaded library /workspaces/MMSXP/servidor_minecraft/libraries/io/netty/netty-codec/4.1.118.Final/netty-codec-4.1.118.Final.jar
[22:26:56] [Server thread/INFO]: [SCore] Loaded library /workspaces/MMSXP/servidor_minecraft/libraries/io/netty/netty-codec-dns/4.1.118.Final/netty-codec-dns-4.1.118.Final.jar
[22:26:56] [Server thread/INFO]: [SCore] Loaded library /workspaces/MMSXP/servidor_minecraft/libraries/io/netty/netty-codec-haproxy/4.1.118.Final/netty-codec-haproxy-4.1.118.Final.jar
[22:26:56] [Server thread/INFO]: [SCore] Loaded library /workspaces/MMSXP/servidor_minecraft/libraries/io/netty/netty-codec-http/4.1.118.Final/netty-codec-http-4.1.118.Final.jar
[22:26:56] [Server thread/INFO]: [SCore] Loaded library /workspaces/MMSXP/servidor_minecraft/libraries/io/netty/netty-codec-http2/4.1.118.Final/netty-codec-http2-4.1.118.Final.jar
[22:26:56] [Server thread/INFO]: [SCore] Loaded library /workspaces/MMSXP/servidor_minecraft/libraries/io/netty/netty-codec-memcache/4.1.118.Final/netty-codec-memcache-4.1.118.Final.jar
[22:26:56] [Server thread/INFO]: [SCore] Loaded library /workspaces/MMSXP/servidor_minecraft/libraries/io/netty/netty-codec-mqtt/4.1.118.Final/netty-codec-mqtt-4.1.118.Final.jar
[22:26:56] [Server thread/INFO]: [SCore] Loaded library /workspaces/MMSXP/servidor_minecraft/libraries/io/netty/netty-codec-redis/4.1.118.Final/netty-codec-redis-4.1.118.Final.jar
[22:26:56] [Server thread/INFO]: [SCore] Loaded library /workspaces/MMSXP/servidor_minecraft/libraries/io/netty/netty-codec-smtp/4.1.118.Final/netty-codec-smtp-4.1.118.Final.jar
[22:26:56] [Server thread/INFO]: [SCore] Loaded library /workspaces/MMSXP/servidor_minecraft/libraries/io/netty/netty-codec-socks/4.1.118.Final/netty-codec-socks-4.1.118.Final.jar
[22:26:56] [Server thread/INFO]: [SCore] Loaded library /workspaces/MMSXP/servidor_minecraft/libraries/io/netty/netty-codec-stomp/4.1.118.Final/netty-codec-stomp-4.1.118.Final.jar
[22:26:56] [Server thread/INFO]: [SCore] Loaded library /workspaces/MMSXP/servidor_minecraft/libraries/io/netty/netty-codec-xml/4.1.118.Final/netty-codec-xml-4.1.118.Final.jar
[22:26:56] [Server thread/INFO]: [SCore] Loaded library /workspaces/MMSXP/servidor_minecraft/libraries/io/netty/netty-common/4.1.118.Final/netty-common-4.1.118.Final.jar
[22:26:56] [Server thread/INFO]: [SCore] Loaded library /workspaces/MMSXP/servidor_minecraft/libraries/io/netty/netty-handler/4.1.118.Final/netty-handler-4.1.118.Final.jar
[22:26:56] [Server thread/INFO]: [SCore] Loaded library /workspaces/MMSXP/servidor_minecraft/libraries/io/netty/netty-transport-native-unix-common/4.1.118.Final/netty-transport-native-unix-common-4.1.118.Final.jar
[22:26:56] [Server thread/INFO]: [SCore] Loaded library /workspaces/MMSXP/servidor_minecraft/libraries/io/netty/netty-handler-proxy/4.1.118.Final/netty-handler-proxy-4.1.118.Final.jar
[22:26:56] [Server thread/INFO]: [SCore] Loaded library /workspaces/MMSXP/servidor_minecraft/libraries/io/netty/netty-handler-ssl-ocsp/4.1.118.Final/netty-handler-ssl-ocsp-4.1.118.Final.jar
[22:26:56] [Server thread/INFO]: [SCore] Loaded library /workspaces/MMSXP/servidor_minecraft/libraries/io/netty/netty-resolver/4.1.118.Final/netty-resolver-4.1.118.Final.jar
[22:26:56] [Server thread/INFO]: [SCore] Loaded library /workspaces/MMSXP/servidor_minecraft/libraries/io/netty/netty-resolver-dns/4.1.118.Final/netty-resolver-dns-4.1.118.Final.jar
[22:26:56] [Server thread/INFO]: [SCore] Loaded library /workspaces/MMSXP/servidor_minecraft/libraries/io/netty/netty-transport/4.1.118.Final/netty-transport-4.1.118.Final.jar
[22:26:56] [Server thread/INFO]: [SCore] Loaded library /workspaces/MMSXP/servidor_minecraft/libraries/io/netty/netty-transport-rxtx/4.1.118.Final/netty-transport-rxtx-4.1.118.Final.jar
[22:26:56] [Server thread/INFO]: [SCore] Loaded library /workspaces/MMSXP/servidor_minecraft/libraries/io/netty/netty-transport-sctp/4.1.118.Final/netty-transport-sctp-4.1.118.Final.jar
[22:26:56] [Server thread/INFO]: [SCore] Loaded library /workspaces/MMSXP/servidor_minecraft/libraries/io/netty/netty-transport-udt/4.1.118.Final/netty-transport-udt-4.1.118.Final.jar
[22:26:56] [Server thread/INFO]: [SCore] Loaded library /workspaces/MMSXP/servidor_minecraft/libraries/io/netty/netty-transport-classes-epoll/4.1.118.Final/netty-transport-classes-epoll-4.1.118.Final.jar
[22:26:56] [Server thread/INFO]: [SCore] Loaded library /workspaces/MMSXP/servidor_minecraft/libraries/io/netty/netty-transport-classes-kqueue/4.1.118.Final/netty-transport-classes-kqueue-4.1.118.Final.jar
[22:26:56] [Server thread/INFO]: [SCore] Loaded library /workspaces/MMSXP/servidor_minecraft/libraries/io/netty/netty-resolver-dns-classes-macos/4.1.118.Final/netty-resolver-dns-classes-macos-4.1.118.Final.jar
[22:26:56] [Server thread/INFO]: [SCore] Loaded library /workspaces/MMSXP/servidor_minecraft/libraries/io/netty/netty-transport-native-epoll/4.1.118.Final/netty-transport-native-epoll-4.1.118.Final-linux-x86_64.jar
[22:26:56] [Server thread/INFO]: [SCore] Loaded library /workspaces/MMSXP/servidor_minecraft/libraries/io/netty/netty-transport-native-epoll/4.1.118.Final/netty-transport-native-epoll-4.1.118.Final-linux-aarch_64.jar
[22:26:56] [Server thread/INFO]: [SCore] Loaded library /workspaces/MMSXP/servidor_minecraft/libraries/io/netty/netty-transport-native-epoll/4.1.118.Final/netty-transport-native-epoll-4.1.118.Final-linux-riscv64.jar
[22:26:56] [Server thread/INFO]: [SCore] Loaded library /workspaces/MMSXP/servidor_minecraft/libraries/io/netty/netty-transport-native-kqueue/4.1.118.Final/netty-transport-native-kqueue-4.1.118.Final-osx-x86_64.jar
[22:26:56] [Server thread/INFO]: [SCore] Loaded library /workspaces/MMSXP/servidor_minecraft/libraries/io/netty/netty-transport-native-kqueue/4.1.118.Final/netty-transport-native-kqueue-4.1.118.Final-osx-aarch_64.jar
[22:26:56] [Server thread/INFO]: [SCore] Loaded library /workspaces/MMSXP/servidor_minecraft/libraries/io/netty/netty-resolver-dns-native-macos/4.1.118.Final/netty-resolver-dns-native-macos-4.1.118.Final-osx-x86_64.jar
[22:26:56] [Server thread/INFO]: [SCore] Loaded library /workspaces/MMSXP/servidor_minecraft/libraries/io/netty/netty-resolver-dns-native-macos/4.1.118.Final/netty-resolver-dns-native-macos-4.1.118.Final-osx-aarch_64.jar
[22:26:56] [Server thread/INFO]: [SCore] Loading SCore v5.25.2.25
[22:26:56] [Server thread/INFO]: [WorldEdit] Loading WorldEdit v7.2.16+6534-2066eb4
[22:26:57] [Server thread/INFO]: Got request to register class com.sk89q.worldedit.bukkit.BukkitServerInterface with WorldEdit [com.sk89q.worldedit.extension.platform.PlatformManager@378c805a]
[22:26:57] [Server thread/INFO]: [ExecutableItems] Loading ExecutableItems v7.25.2.25
[22:26:57] [Server thread/INFO]: [ViaVersion] Loading ViaVersion v5.2.1
[22:26:57] [Server thread/INFO]: [ViaVersion] ViaVersion 5.2.1 is now loaded. Registering protocol transformers and injecting...
[22:26:57] [Via-Mappingloader-0/INFO]: [ViaVersion] Loading block connection mappings ...
[22:26:57] [Via-Mappingloader-0/INFO]: [ViaVersion] Using FastUtil Long2ObjectOpenHashMap for block connections
[22:26:58] [Server thread/INFO]: [ViaBackwards] Loading translations...
[22:26:58] [Server thread/INFO]: [ViaBackwards] Registering protocols...
[22:26:58] [Server thread/INFO]: [ViaRewind] Registering protocols...
[22:26:58] [Server thread/INFO]: [floodgate] Loading floodgate v2.2.4-SNAPSHOT (b116-0e3163c)
[22:26:58] [Server thread/WARN]: [floodgate] en_ is not a supported Floodgate language.
[22:26:59] [Server thread/INFO]: [floodgate] Took 542ms to boot Floodgate
[22:26:59] [Server thread/INFO]: [ViaBackwards] Loading ViaBackwards v5.2.1
[22:26:59] [Server thread/INFO]: [ViaRewind] Loading ViaRewind v4.0.5
[22:26:59] [Server thread/INFO]: [Geyser-Spigot] Loading Geyser-Spigot v2.6.1-SNAPSHOT
[22:26:59] [Server thread/INFO]: [Geyser-Spigot] Loading extensions...
[22:26:59] [Server thread/INFO]: [Geyser-Spigot] Loaded 0 extension(s)
[22:26:59] [Server thread/INFO]: Server permissions file permissions.yml is empty, ignoring it
[22:26:59] [Server thread/INFO]: [WorldEdit] Enabling WorldEdit v7.2.16+6534-2066eb4
[22:26:59] [Server thread/INFO]: Registering commands with com.sk89q.worldedit.bukkit.BukkitServerInterface
[22:26:59] [Server thread/INFO]: WEPIF: Using the Bukkit Permissions API.
[22:26:59] [Server thread/INFO]: Using com.sk89q.worldedit.bukkit.adapter.impl.v1_19_R1.PaperweightAdapter as the Bukkit adapter
[22:27:01] [Server thread/INFO]: [ViaRewind] Enabling ViaRewind v4.0.5
[22:27:01] [Server thread/WARN]: **** SERVER IS RUNNING IN OFFLINE/INSECURE MODE!
[22:27:01] [Server thread/WARN]: The server will make no attempt to authenticate usernames. Beware.
[22:27:01] [Server thread/WARN]: While this makes the game possible to play without internet access, it also opens up the ability for hackers to connect with any username they choose.
[22:27:01] [Server thread/WARN]: To change this, set "online-mode" to "true" in the server.properties file.
[22:27:01] [Server thread/INFO]: Preparing level "world"
[22:27:01] [Server thread/INFO]: Preparing start region for dimension minecraft:overworld
[22:27:02] [Server thread/INFO]: Time elapsed: 248 ms
[22:27:02] [Server thread/INFO]: Preparing start region for dimension minecraft:the_nether
[22:27:02] [Server thread/INFO]: Time elapsed: 36 ms
[22:27:02] [Server thread/INFO]: Preparing start region for dimension minecraft:the_end
[22:27:02] [Server thread/INFO]: Time elapsed: 39 ms
[22:27:02] [Server thread/INFO]: [SCore] Enabling SCore v5.25.2.25
[22:27:02] [Server thread/INFO]: ================ SCore ================
[22:27:02] [Server thread/INFO]: SCore is running on Paper or fork
[22:27:02] [Server thread/INFO]: SCore Version of the server git-Paper-307 (MC: 1.19.2) !
[22:27:02] [Server thread/INFO]: SCore ExecutableItems hooked !  (7.25.2.25) Load After
[22:27:02] [Server thread/INFO]: SCore WorldEdit hooked !  (7.2.16+6534-2066eb4)  Load Before
[22:27:02] [Server thread/INFO]: SCore Locale setup: EN
[22:27:02] [Server thread/INFO]: SCore Language of the editor setup on EN
[22:27:02] [Server thread/INFO]: SCore Language for in-game messages setup on EN
[22:27:02] [Server thread/INFO]: SCore will connect to the database hosted: In Local
[22:27:02] [Server thread/INFO]: SCore Connection to the db...
[22:27:02] [Server thread/INFO]: SCore will connect to the database hosted: In Local
[22:27:02] [Server thread/INFO]: SCore Creating table SecurityOP if not exists...
[22:27:02] [Server thread/INFO]: SCore Creating table Commands if not exists...
[22:27:02] [Server thread/INFO]: SCore Creating table Cooldowns if not exists...
[22:27:02] [Server thread/INFO]: SCore Creating table Commands Player if not exists...
[22:27:02] [Server thread/INFO]: SCore Creating table Commands Entity if not exists...
[22:27:02] [Server thread/INFO]: SCore Creating table Commands Block if not exists...
[22:27:02] [Server thread/INFO]: SCore Creating table UsePerDay if not exists...
[22:27:03] [Server thread/INFO]: SCore SCore loaded 1 variables from local files !
[22:27:03] [Server thread/INFO]: SCore SCore loaded 0 delayed commands saved
[22:27:03] [Server thread/INFO]: ================ SCore ================
[22:27:03] [Server thread/INFO]: [ExecutableItems] Enabling ExecutableItems v7.25.2.25
[22:27:03] [Server thread/INFO]: ================ ExecutableItems ================
[22:27:07] [Server thread/INFO]: ExecutableItems Amount of Executable Items configurations loaded: 22
[22:27:07] [Server thread/INFO]: ExecutableItems Items with display conditions :  
[22:27:07] [Server thread/INFO]: ================ ExecutableItems ================
[22:27:07] [Server thread/INFO]: [ViaVersion] Enabling ViaVersion v5.2.1
[22:27:07] [Server thread/INFO]: [ViaVersion] ViaVersion detected server version: 1.19.1-1.19.2 (760)
[22:27:07] [Server thread/WARN]: [ViaVersion] Please update your Java runtime to at least Java 21 (your version is 17.0.18).
[22:27:07] [Server thread/WARN]: [ViaVersion] At some point in the future, ViaVersion will no longer be compatible with this version of Java.
[22:27:07] [Server thread/INFO]: [floodgate] Enabling floodgate v2.2.4-SNAPSHOT (b116-0e3163c)
[22:27:07] [Server thread/INFO]: [ViaBackwards] Enabling ViaBackwards v5.2.1
[22:27:07] [Server thread/INFO]: [Geyser-Spigot] Enabling Geyser-Spigot v2.6.1-SNAPSHOT
[22:27:07] [Server thread/INFO]: [Geyser-Spigot] ******************************************
[22:27:07] [Server thread/INFO]: [Geyser-Spigot] 
[22:27:07] [Server thread/INFO]: [Geyser-Spigot] Loading Geyser version 2.6.1-b784 (git-master-cc94d5a)
[22:27:07] [Server thread/INFO]: [Geyser-Spigot] 
[22:27:07] [Server thread/INFO]: [Geyser-Spigot] ******************************************
[22:27:10] [epollEventLoopGroup-3-1/INFO]: [Geyser-Spigot] Started Geyser on UDP port 2398
[22:27:11] [Server thread/INFO]: [Geyser-Spigot] Done (3.223s)! Run /geyser help for help!
[22:27:11] [ForkJoinPool.commonPool-worker-2/INFO]: [Geyser-Spigot] There's a new Geyser update available to support Bedrock version 26.51. Download it here: https://geysermc.org/download
[22:27:11] [Server thread/INFO]: Running delayed init tasks
[22:27:11] [Craft Scheduler Thread - 0 - ViaVersion/INFO]: [ViaVersion] Finished mapping loading, shutting down loader executor.
[22:27:11] [Server thread/INFO]: Done (16.335s)! For help, type "help"
[22:27:11] [Server thread/INFO]: Timings Reset
[22:27:11] [Server thread/WARN]: [ViaVersion] There is a newer plugin version available: 5.12.0, you're on: 5.2.1
[22:27:12] [User Authenticator #0/INFO]: UUID of player offgamer233 is eb96e115-2377-3371-b8a2-b0f23e8ad1a6
[22:27:12] [Server thread/INFO]: AFICIONADO offgamer233 joined the game
[22:27:12] [Server thread/INFO]: offgamer233[/127.242.21.161:46801] logged in with entity id 63 at ([world]131.69999998807907, -13.0, 143.42547845601368)
[22:27:18] [Server thread/ERROR]: No TreeType mapping for TreeGenerator.TreeType.CHERRY
[22:27:25] [User Authenticator #0/INFO]: UUID of player elrubius is 691df33d-823f-35e8-a6f0-854d557922a0
[22:27:25] [Server thread/INFO]: [EQUIPO AZUL] elrubius joined the game
[22:27:25] [Server thread/INFO]: elrubius[/127.242.21.161:53517] logged in with entity id 64 at ([world]121.03573742287716, -10.0, 110.2230359141438)
[22:27:36] [Server thread/INFO]: offgamer233 issued server command: /gamemode spectator
[22:27:36] [Server thread/INFO]: [AFICIONADO offgamer233: Set own game mode to Spectator Mode]
[22:27:43] [Server thread/INFO]: offgamer233 issued server command: /gamemode creative
[22:27:43] [Server thread/INFO]: [AFICIONADO offgamer233: Set own game mode to Creative Mode]
[22:28:28] [Server thread/INFO]: offgamer233 issued server command: /tp 134 -22 84
[22:28:28] [Server thread/INFO]: [AFICIONADO offgamer233: Teleported AFICIONADO offgamer233 to 134.500000, -22.000000, 84.500000]
[22:28:49] [Server thread/INFO]: offgamer233 issued server command: /ei give offgamer233 reinicio
[22:29:01] [Server thread/INFO]: offgamer233 issued server command: /tp 134 -22 84
[22:29:01] [Server thread/INFO]: [AFICIONADO offgamer233: Teleported AFICIONADO offgamer233 to 134.500000, -22.000000, 84.500000]
[22:29:16] [Server thread/INFO]: offgamer233 issued server command: /gamemode creative
[22:29:16] [Server thread/INFO]: [AFICIONADO offgamer233: Set own game mode to Creative Mode]
[22:30:27] [Server thread/INFO]: offgamer233 issued server command: /ei give offgamer233 iniciar 1
[22:30:37] [Server thread/INFO]: offgamer233 issued server command: /ei give offgamer233 reinicio 1
[22:39:04] [Server thread/INFO]: offgamer233 issued server command: /kill @e[type=minecraft:snowball]
[22:39:20] [Server thread/INFO]: offgamer233 issued server command: /kill @e[type=minecraft:snowball]
[22:39:25] [Server thread/INFO]: offgamer233 issued server command: /kill @e[type=minecraft:snowball]
[22:39:35] [Server thread/INFO]: offgamer233 issued server command: /kill @e[type=minecraft:item]
[22:39:35] [Server thread/INFO]: [AFICIONADO offgamer233: Killed Snowball]
[22:40:34] [Server thread/INFO]: offgamer233 issued server command: /team list
[22:44:50] [Server thread/INFO]: offgamer233 issued server command: /give elrubius minecraft:diamond_axe
[22:44:50] [Server thread/INFO]: [AFICIONADO offgamer233: Gave 1 [Diamond Axe] to [EQUIPO AZUL] elrubius]
[22:45:14] [Server thread/INFO]: offgamer233 issued server command: /team join team_red elrubius
[22:45:14] [Server thread/INFO]: [AFICIONADO offgamer233: Added elrubius to team [Red Team]]
[22:45:19] [Server thread/INFO]: offgamer233 issued server command: /give elrubius minecraft:diamond_axe
[22:45:19] [Server thread/INFO]: [AFICIONADO offgamer233: Gave 1 [Diamond Axe] to [EQUIPO ROJO] elrubius]
[22:46:33] [Server thread/INFO]: offgamer233 issued server command: /team join arbitro elrubius
[22:46:33] [Server thread/INFO]: [AFICIONADO offgamer233: Added elrubius to team [arbitro]]
[22:46:38] [Server thread/INFO]: offgamer233 issued server command: /give elrubius minecraft:diamond_axe
[22:46:38] [Server thread/INFO]: [AFICIONADO offgamer233: Gave 1 [Diamond Axe] to [ARBITRO] elrubius]
[22:47:01] [Server thread/INFO]: elrubius lost connection: Disconnected
[22:47:01] [Server thread/INFO]: elrubius left the game
[22:56:55] [Server thread/INFO]: offgamer233 issued server command: /stop
[22:56:55] [Server thread/INFO]: [AFICIONADO offgamer233: Stopping the server]
[22:56:55] [Server console handler/ERROR]: Caught previously unhandled exception :
java.io.IOError: java.io.IOException: Input/output error
	at org.jline.keymap.BindingReader.readCharacter(BindingReader.java:170) ~[jline-reader-3.20.0.jar:?]
	at org.jline.keymap.BindingReader.readBinding(BindingReader.java:110) ~[jline-reader-3.20.0.jar:?]
	at org.jline.keymap.BindingReader.readBinding(BindingReader.java:61) ~[jline-reader-3.20.0.jar:?]
	at org.jline.reader.impl.LineReaderImpl.doReadBinding(LineReaderImpl.java:923) ~[jline-reader-3.20.0.jar:?]
	at org.jline.reader.impl.LineReaderImpl.readBinding(LineReaderImpl.java:956) ~[jline-reader-3.20.0.jar:?]
	at org.jline.reader.impl.LineReaderImpl.readLine(LineReaderImpl.java:651) ~[jline-reader-3.20.0.jar:?]
	at org.jline.reader.impl.LineReaderImpl.readLine(LineReaderImpl.java:468) ~[jline-reader-3.20.0.jar:?]
	at net.minecrell.terminalconsole.SimpleTerminalConsole.readCommands(SimpleTerminalConsole.java:158) ~[terminalconsoleappender-1.3.0.jar:?]
	at net.minecrell.terminalconsole.SimpleTerminalConsole.start(SimpleTerminalConsole.java:141) ~[terminalconsoleappender-1.3.0.jar:?]
	at net.minecraft.server.dedicated.DedicatedServer$1.run(DedicatedServer.java:107) ~[paper-1.19.2.jar:git-Paper-307]
Caused by: java.io.IOException: Input/output error
	at java.io.FileInputStream.read0(Native Method) ~[?:?]
	at java.io.FileInputStream.read(FileInputStream.java:228) ~[?:?]
	at org.jline.terminal.impl.AbstractPty$PtyInputStream.read(AbstractPty.java:73) ~[jline-terminal-3.21.0.jar:?]
	at org.jline.utils.NonBlockingInputStream.read(NonBlockingInputStream.java:62) ~[jline-terminal-3.21.0.jar:?]
	at org.jline.utils.NonBlocking$NonBlockingInputStreamReader.read(NonBlocking.java:168) ~[jline-terminal-3.21.0.jar:?]
	at org.jline.utils.NonBlockingReader.read(NonBlockingReader.java:57) ~[jline-terminal-3.21.0.jar:?]
	at org.jline.keymap.BindingReader.readCharacter(BindingReader.java:160) ~[jline-reader-3.20.0.jar:?]
	... 9 more
[22:56:55] [Server thread/INFO]: Stopping server
[22:56:55] [Server thread/INFO]: [Geyser-Spigot] Disabling Geyser-Spigot v2.6.1-SNAPSHOT
[22:56:55] [Server thread/INFO]: [Geyser-Spigot] Shutting down Geyser.
[22:56:55] [Server thread/INFO]: [Geyser-Spigot] Geyser shutdown successfully.
[22:56:55] [Server thread/INFO]: [ViaRewind] Disabling ViaRewind v4.0.5
[22:56:55] [Server thread/INFO]: [ViaBackwards] Disabling ViaBackwards v5.2.1
[22:56:55] [Server thread/INFO]: [floodgate] Disabling floodgate v2.2.4-SNAPSHOT (b116-0e3163c)
[22:56:55] [Server thread/INFO]: [ViaVersion] Disabling ViaVersion v5.2.1
[22:56:55] [Server thread/INFO]: [ViaVersion] ViaVersion has been disabled; uninjected the platform and shut down the scheduler.
[22:56:55] [Server thread/INFO]: [ExecutableItems] Disabling ExecutableItems v7.25.2.25
[22:56:55] [Server thread/INFO]: [SCore] Disabling SCore v5.25.2.25
[22:56:55] [Server thread/INFO]: SCore Save UsagePerDay....
[22:56:55] [Server thread/INFO]: SCore Save UsagePerDay done !
[22:56:55] [Server thread/INFO]: SCore Save Commands...
[22:56:55] [Server thread/INFO]: SCore Save Commands done !
[22:56:55] [Server thread/INFO]: SCore Save Cooldowns...
[22:56:55] [Server thread/INFO]: SCore 0 cooldowns saved
[22:56:55] [Server thread/INFO]: SCore Save Cooldowns done !
[22:56:55] [Server thread/INFO]: SCore Run delayed saving tasks...
[22:56:55] [Server thread/INFO]: SCore Run delayed saving tasks done !
[22:56:55] [Server thread/INFO]: SCore Clear scheduled tasks...
[22:56:55] [Server thread/INFO]: SCore Clear scheduled tasks done !
[22:56:55] [Server thread/INFO]: [WorldEdit] Disabling WorldEdit v7.2.16+6534-2066eb4
[22:56:55] [Server thread/INFO]: Unregistering com.sk89q.worldedit.bukkit.BukkitServerInterface from WorldEdit
[22:56:55] [Server thread/INFO]: Saving players
[22:56:55] [Server thread/INFO]: offgamer233 lost connection: Server closed
[22:56:55] [Server thread/INFO]: offgamer233 left the game
[22:56:55] [WebSocketConnectReadThread-70/INFO]: [Geyser-Spigot] The skin uploader has been closed
[22:56:55] [Server thread/INFO]: Saving worlds
[22:56:55] [Server thread/INFO]: Saving chunks for level 'ServerLevel[world]'/minecraft:overworld
[22:56:55] [Server thread/INFO]: [ChunkHolderManager] Waiting 60s for chunk system to halt for world 'world'
[22:56:55] [Server thread/INFO]: [ChunkHolderManager] Halted chunk system for world 'world'
[22:56:55] [Server thread/INFO]: [ChunkHolderManager] Saving all chunkholders for world 'world'
[22:56:55] [Server thread/INFO]: [ChunkHolderManager] Saved 478 block chunks, 15 entity chunks, 0 poi chunks in world 'world' in 0.14s
[22:56:55] [Server thread/INFO]: ThreadedAnvilChunkStorage (world): All chunks are saved
[22:56:55] [Server thread/INFO]: Saving chunks for level 'ServerLevel[world_nether]'/minecraft:the_nether
[22:56:55] [Server thread/INFO]: [ChunkHolderManager] Waiting 60s for chunk system to halt for world 'world_nether'
[22:56:55] [Server thread/INFO]: [ChunkHolderManager] Halted chunk system for world 'world_nether'
[22:56:55] [Server thread/INFO]: [ChunkHolderManager] Saving all chunkholders for world 'world_nether'
[22:56:55] [Server thread/INFO]: [ChunkHolderManager] Saved 0 block chunks, 29 entity chunks, 0 poi chunks in world 'world_nether' in 0.01s
[22:56:55] [Server thread/INFO]: ThreadedAnvilChunkStorage (DIM-1): All chunks are saved
[22:56:55] [Server thread/INFO]: Saving chunks for level 'ServerLevel[world_the_end]'/minecraft:the_end
[22:56:55] [Server thread/INFO]: [ChunkHolderManager] Waiting 60s for chunk system to halt for world 'world_the_end'
[22:56:55] [Server thread/INFO]: [ChunkHolderManager] Halted chunk system for world 'world_the_end'
[22:56:55] [Server thread/INFO]: [ChunkHolderManager] Saving all chunkholders for world 'world_the_end'
[22:56:55] [Server thread/INFO]: [ChunkHolderManager] Saved 10 block chunks, 10 entity chunks, 0 poi chunks in world 'world_the_end' in 0.01s
[22:56:55] [Server thread/INFO]: ThreadedAnvilChunkStorage (DIM1): All chunks are saved
[22:56:55] [Server thread/INFO]: ThreadedAnvilChunkStorage: All dimensions are saved
[22:56:55] [Server thread/INFO]: Flushing Chunk IO
[22:56:55] [Server thread/INFO]: Closing Thread Pool
[22:56:55] [Server thread/INFO]: Closing Server
